// Jest Snapshot v1, https://goo.gl/fbAQLP

exports[`coblocks/shape-divider should have 'min-height' property within the 'style' attribute with the backgroundHeight attribute set. 1`] = `
"<!-- wp:coblocks/shape-divider {\\"backgroundHeight\\":200} -->
<div class=\\"wp-block-coblocks-shape-divider alignfull\\" style=\\"color:#111\\" aria-hidden=\\"true\\"><div class=\\"wp-block-coblocks-shape-divider__svg-wrapper\\" style=\\"min-height:100px\\"><svg class=\\"divider--wavy\\" viewbox=\\"0 0 100 10\\" xmlns=\\"http://www.w3.org/2000/svg\\" preserveaspectratio=\\"none\\" role=\\"img\\" aria-hidden=\\"true\\" focusable=\\"false\\"><path d=\\"m42.19.65c2.26-.25 5.15.04 7.55.53 2.36.49 7.09 2.35 10.05 3.57 7.58 3.22 13.37 4.45 19.26 4.97 2.36.21 4.87.35 10.34-.25s10.62-2.56 10.62-2.56v-6.91h-100.01v3.03s7.2 3.26 15.84 3.05c3.92-.07 9.28-.67 13.4-2.24 2.12-.81 5.22-1.82 7.97-2.42 2.72-.63 3.95-.67 4.98-.77z\\" fillrule=\\"evenodd\\" transform=\\"matrix(1 0 0 -1 0 10)\\"></path></svg></div><div class=\\"wp-block-coblocks-shape-divider__alt-wrapper\\" style=\\"min-height:200px\\"></div></div>
<!-- /wp:coblocks/shape-divider -->"
`;

exports[`coblocks/shape-divider should have 'min-height' property within the 'style' attribute with the shapeHeight attribute set. 1`] = `
"<!-- wp:coblocks/shape-divider {\\"shapeHeight\\":200} -->
<div class=\\"wp-block-coblocks-shape-divider alignfull\\" style=\\"color:#111\\" aria-hidden=\\"true\\"><div class=\\"wp-block-coblocks-shape-divider__svg-wrapper\\" style=\\"min-height:200px\\"><svg class=\\"divider--wavy\\" viewbox=\\"0 0 100 10\\" xmlns=\\"http://www.w3.org/2000/svg\\" preserveaspectratio=\\"none\\" role=\\"img\\" aria-hidden=\\"true\\" focusable=\\"false\\"><path d=\\"m42.19.65c2.26-.25 5.15.04 7.55.53 2.36.49 7.09 2.35 10.05 3.57 7.58 3.22 13.37 4.45 19.26 4.97 2.36.21 4.87.35 10.34-.25s10.62-2.56 10.62-2.56v-6.91h-100.01v3.03s7.2 3.26 15.84 3.05c3.92-.07 9.28-.67 13.4-2.24 2.12-.81 5.22-1.82 7.97-2.42 2.72-.63 3.95-.67 4.98-.77z\\" fillrule=\\"evenodd\\" transform=\\"matrix(1 0 0 -1 0 10)\\"></path></svg></div><div class=\\"wp-block-coblocks-shape-divider__alt-wrapper\\" style=\\"min-height:50px\\"></div></div>
<!-- /wp:coblocks/shape-divider -->"
`;

exports[`coblocks/shape-divider should have className 'is-horizontally-flipped' with horizontalFlip enabled. 1`] = `
"<!-- wp:coblocks/shape-divider {\\"horizontalFlip\\":true} -->
<div class=\\"wp-block-coblocks-shape-divider alignfull is-horizontally-flipped\\" style=\\"color:#111\\" aria-hidden=\\"true\\"><div class=\\"wp-block-coblocks-shape-divider__svg-wrapper\\" style=\\"min-height:100px\\"><svg class=\\"divider--wavy\\" viewbox=\\"0 0 100 10\\" xmlns=\\"http://www.w3.org/2000/svg\\" preserveaspectratio=\\"none\\" role=\\"img\\" aria-hidden=\\"true\\" focusable=\\"false\\"><path d=\\"m42.19.65c2.26-.25 5.15.04 7.55.53 2.36.49 7.09 2.35 10.05 3.57 7.58 3.22 13.37 4.45 19.26 4.97 2.36.21 4.87.35 10.34-.25s10.62-2.56 10.62-2.56v-6.91h-100.01v3.03s7.2 3.26 15.84 3.05c3.92-.07 9.28-.67 13.4-2.24 2.12-.81 5.22-1.82 7.97-2.42 2.72-.63 3.95-.67 4.98-.77z\\" fillrule=\\"evenodd\\" transform=\\"matrix(1 0 0 -1 0 10)\\"></path></svg></div><div class=\\"wp-block-coblocks-shape-divider__alt-wrapper\\" style=\\"min-height:50px\\"></div></div>
<!-- /wp:coblocks/shape-divider -->"
`;

exports[`coblocks/shape-divider should have className 'is-vertically-flipped' with verticalFlip enabled. 1`] = `
"<!-- wp:coblocks/shape-divider {\\"verticalFlip\\":true} -->
<div class=\\"wp-block-coblocks-shape-divider alignfull is-vertically-flipped\\" style=\\"color:#111\\" aria-hidden=\\"true\\"><div class=\\"wp-block-coblocks-shape-divider__svg-wrapper\\" style=\\"min-height:100px\\"><svg class=\\"divider--wavy\\" viewbox=\\"0 0 100 10\\" xmlns=\\"http://www.w3.org/2000/svg\\" preserveaspectratio=\\"none\\" role=\\"img\\" aria-hidden=\\"true\\" focusable=\\"false\\"><path d=\\"m42.19.65c2.26-.25 5.15.04 7.55.53 2.36.49 7.09 2.35 10.05 3.57 7.58 3.22 13.37 4.45 19.26 4.97 2.36.21 4.87.35 10.34-.25s10.62-2.56 10.62-2.56v-6.91h-100.01v3.03s7.2 3.26 15.84 3.05c3.92-.07 9.28-.67 13.4-2.24 2.12-.81 5.22-1.82 7.97-2.42 2.72-.63 3.95-.67 4.98-.77z\\" fillrule=\\"evenodd\\" transform=\\"matrix(1 0 0 -1 0 10)\\"></path></svg></div><div class=\\"wp-block-coblocks-shape-divider__alt-wrapper\\" style=\\"min-height:50px\\"></div></div>
<!-- /wp:coblocks/shape-divider -->"
`;

exports[`coblocks/shape-divider should render 1`] = `
"<!-- wp:coblocks/shape-divider -->
<div class=\\"wp-block-coblocks-shape-divider alignfull\\" style=\\"color:#111\\" aria-hidden=\\"true\\"><div class=\\"wp-block-coblocks-shape-divider__svg-wrapper\\" style=\\"min-height:100px\\"><svg class=\\"divider--wavy\\" viewbox=\\"0 0 100 10\\" xmlns=\\"http://www.w3.org/2000/svg\\" preserveaspectratio=\\"none\\" role=\\"img\\" aria-hidden=\\"true\\" focusable=\\"false\\"><path d=\\"m42.19.65c2.26-.25 5.15.04 7.55.53 2.36.49 7.09 2.35 10.05 3.57 7.58 3.22 13.37 4.45 19.26 4.97 2.36.21 4.87.35 10.34-.25s10.62-2.56 10.62-2.56v-6.91h-100.01v3.03s7.2 3.26 15.84 3.05c3.92-.07 9.28-.67 13.4-2.24 2.12-.81 5.22-1.82 7.97-2.42 2.72-.63 3.95-.67 4.98-.77z\\" fillrule=\\"evenodd\\" transform=\\"matrix(1 0 0 -1 0 10)\\"></path></svg></div><div class=\\"wp-block-coblocks-shape-divider__alt-wrapper\\" style=\\"min-height:50px\\"></div></div>
<!-- /wp:coblocks/shape-divider -->"
`;
