// Jest Snapshot v1, https://goo.gl/fbAQLP

exports[`coblocks/food-item should render with content 1`] = `
"<!-- wp:coblocks/food-item {\\"focalPoint\\":{\\"x\\":0,\\"y\\":100},\\"glutenFree\\":1,\\"pescatarian\\":1,\\"popular\\":1,\\"spicy\\":1,\\"spicier\\":1,\\"vegetarian\\":1,\\"vegan\\":1,\\"showImage\\":1,\\"showPrice\\":1} -->
<div class=\\"wp-block-coblocks-food-item\\" itemscope itemtype=\\"http://schema.org/MenuItem\\"><figure class=\\"wp-block-coblocks-food-item__figure\\"><img src=\\"https://www.google.com\\" alt=\\"Alt Tag\\" itemprop=\\"image\\" style=\\"object-position:0% 10000%\\"/></figure><div class=\\"wp-block-coblocks-food-item__content\\"><div class=\\"wp-block-coblocks-food-item__heading-wrapper\\"><h4 class=\\"wp-block-coblocks-food-item__heading\\" itemprop=\\"name\\">Food item title</h4><div class=\\"wp-block-coblocks-food-item__attributes\\"><span class=\\"wp-block-coblocks-food-item__attribute wp-block-coblocks-food-item__attribute--popular hint--top\\" aria-label=\\"Popular\\"><span class=\\"wp-block-coblocks-food-item__icon\\"></span></span><span class=\\"wp-block-coblocks-food-item__attribute wp-block-coblocks-food-item__attribute--spicy hint--top\\" aria-label=\\"Spicy\\"><span class=\\"wp-block-coblocks-food-item__icon\\"></span></span><span class=\\"wp-block-coblocks-food-item__attribute wp-block-coblocks-food-item__attribute--spicy wp-block-coblocks-food-item__attribute--spicier hint--top\\" aria-label=\\"Spicier\\"><span class=\\"wp-block-coblocks-food-item__icon\\"></span></span><span class=\\"wp-block-coblocks-food-item__attribute wp-block-coblocks-food-item__attribute--vegetarian hint--top\\" aria-label=\\"Vegetarian\\"><span class=\\"wp-block-coblocks-food-item__icon\\"></span></span><span class=\\"wp-block-coblocks-food-item__attribute wp-block-coblocks-food-item__attribute--gluten-free hint--top\\" aria-label=\\"Gluten free\\"><span class=\\"wp-block-coblocks-food-item__icon\\"></span></span><span class=\\"wp-block-coblocks-food-item__attribute wp-block-coblocks-food-item__attribute--pescatarian hint--top\\" aria-label=\\"Pescatarian\\"><span class=\\"wp-block-coblocks-food-item__icon\\"></span></span><span class=\\"wp-block-coblocks-food-item__attribute wp-block-coblocks-food-item__attribute--vegan hint--top\\" aria-label=\\"Vegan\\"><span class=\\"wp-block-coblocks-food-item__icon\\"></span></span></div></div><p class=\\"wp-block-coblocks-food-item__description\\" itemprop=\\"description\\">Food item description</p><p class=\\"wp-block-coblocks-food-item__price\\" itemprop=\\"offers\\" itemscope itemtype=\\"http://schema.org/Offer\\"><span itemprop=\\"price\\">$1.00</span></p></div></div>
<!-- /wp:coblocks/food-item -->"
`;
