// Jest Snapshot v1, https://goo.gl/fbAQLP

exports[`coblocks/gallery-collage should have attachment link when linkTo is set to "attachment" 1`] = `
"<!-- wp:coblocks/gallery-collage {\\"linkTo\\":\\"attachment\\"} -->
<div class=\\"wp-block-coblocks-gallery-collage has-small-gutter\\"><ul><li class=\\"wp-block-coblocks-gallery-collage__item item-1\\"><figure class=\\"wp-block-coblocks-gallery-collage__figure\\"><img src=\\"https://wordpress.com/wp-content/uploads/1234/56/image-1.jpg\\" data-id=\\"1\\" class=\\"wp-image-1\\"/></figure></li><li class=\\"wp-block-coblocks-gallery-collage__item item-2\\"><figure class=\\"wp-block-coblocks-gallery-collage__figure\\"><img src=\\"https://wordpress.com/wp-content/uploads/1234/56/image-2.jpg\\" data-id=\\"2\\" class=\\"wp-image-2\\"/></figure></li><li class=\\"wp-block-coblocks-gallery-collage__item item-3\\"><figure class=\\"wp-block-coblocks-gallery-collage__figure\\"><a href=\\"https://wordpress.com/wp-content/uploads/1234/56/image-3.jpg\\" rel=\\"\\"><img src=\\"https://wordpress.com/wp-content/uploads/1234/56/image-3.jpg\\" data-id=\\"3\\" data-link=\\"https://wordpress.com/wp-content/uploads/1234/56/image-3.jpg\\" class=\\"wp-image-3\\"/></a></figure></li></ul></div>
<!-- /wp:coblocks/gallery-collage -->"
`;

exports[`coblocks/gallery-collage should have className 'has-caption-style-dark' with captionStyle set to 'dark'. 1`] = `
"<!-- wp:coblocks/gallery-collage {\\"captions\\":true} -->
<div class=\\"wp-block-coblocks-gallery-collage has-small-gutter has-caption-style-dark\\"><ul><li class=\\"wp-block-coblocks-gallery-collage__item item-1\\"><figure class=\\"wp-block-coblocks-gallery-collage__figure\\"><img src=\\"https://wordpress.com/wp-content/uploads/1234/56/image-1.jpg\\" data-id=\\"1\\" class=\\"wp-image-1\\"/></figure></li><li class=\\"wp-block-coblocks-gallery-collage__item item-2\\"><figure class=\\"wp-block-coblocks-gallery-collage__figure\\"><img src=\\"https://wordpress.com/wp-content/uploads/1234/56/image-2.jpg\\" data-id=\\"2\\" class=\\"wp-image-2\\"/></figure></li><li class=\\"wp-block-coblocks-gallery-collage__item item-3\\"><figure class=\\"wp-block-coblocks-gallery-collage__figure\\"><img src=\\"https://wordpress.com/wp-content/uploads/1234/56/image-3.jpg\\" data-id=\\"3\\" class=\\"wp-image-3\\"/><figcaption class=\\"wp-block-coblocks-gallery-collage__caption\\">test caption</figcaption></figure></li></ul></div>
<!-- /wp:coblocks/gallery-collage -->"
`;

exports[`coblocks/gallery-collage should have className 'has-caption-style-light' with captionStyle set to 'light'. 1`] = `
"<!-- wp:coblocks/gallery-collage {\\"captions\\":true,\\"captionStyle\\":\\"light\\"} -->
<div class=\\"wp-block-coblocks-gallery-collage has-small-gutter has-caption-style-light\\"><ul><li class=\\"wp-block-coblocks-gallery-collage__item item-1\\"><figure class=\\"wp-block-coblocks-gallery-collage__figure\\"><img src=\\"https://wordpress.com/wp-content/uploads/1234/56/image-1.jpg\\" data-id=\\"1\\" class=\\"wp-image-1\\"/></figure></li><li class=\\"wp-block-coblocks-gallery-collage__item item-2\\"><figure class=\\"wp-block-coblocks-gallery-collage__figure\\"><img src=\\"https://wordpress.com/wp-content/uploads/1234/56/image-2.jpg\\" data-id=\\"2\\" class=\\"wp-image-2\\"/></figure></li><li class=\\"wp-block-coblocks-gallery-collage__item item-3\\"><figure class=\\"wp-block-coblocks-gallery-collage__figure\\"><img src=\\"https://wordpress.com/wp-content/uploads/1234/56/image-3.jpg\\" data-id=\\"3\\" class=\\"wp-image-3\\"/><figcaption class=\\"wp-block-coblocks-gallery-collage__caption\\">test caption</figcaption></figure></li></ul></div>
<!-- /wp:coblocks/gallery-collage -->"
`;

exports[`coblocks/gallery-collage should have className 'has-filter-dim' with filter set to 'dim'. 1`] = `
"<!-- wp:coblocks/gallery-collage {\\"filter\\":\\"dim\\"} -->
<div class=\\"wp-block-coblocks-gallery-collage has-small-gutter has-filter-dim\\"><ul><li class=\\"wp-block-coblocks-gallery-collage__item item-1\\"><figure class=\\"wp-block-coblocks-gallery-collage__figure\\"><img src=\\"https://wordpress.com/wp-content/uploads/1234/56/image-1.jpg\\" data-id=\\"1\\" class=\\"wp-image-1\\"/></figure></li><li class=\\"wp-block-coblocks-gallery-collage__item item-2\\"><figure class=\\"wp-block-coblocks-gallery-collage__figure\\"><img src=\\"https://wordpress.com/wp-content/uploads/1234/56/image-2.jpg\\" data-id=\\"2\\" class=\\"wp-image-2\\"/></figure></li></ul></div>
<!-- /wp:coblocks/gallery-collage -->"
`;

exports[`coblocks/gallery-collage should have className 'has-filter-grayscale' with filter set to 'grayscale'. 1`] = `
"<!-- wp:coblocks/gallery-collage {\\"filter\\":\\"grayscale\\"} -->
<div class=\\"wp-block-coblocks-gallery-collage has-small-gutter has-filter-grayscale\\"><ul><li class=\\"wp-block-coblocks-gallery-collage__item item-1\\"><figure class=\\"wp-block-coblocks-gallery-collage__figure\\"><img src=\\"https://wordpress.com/wp-content/uploads/1234/56/image-1.jpg\\" data-id=\\"1\\" class=\\"wp-image-1\\"/></figure></li><li class=\\"wp-block-coblocks-gallery-collage__item item-2\\"><figure class=\\"wp-block-coblocks-gallery-collage__figure\\"><img src=\\"https://wordpress.com/wp-content/uploads/1234/56/image-2.jpg\\" data-id=\\"2\\" class=\\"wp-image-2\\"/></figure></li></ul></div>
<!-- /wp:coblocks/gallery-collage -->"
`;

exports[`coblocks/gallery-collage should have className 'has-filter-saturation' with filter set to 'saturation'. 1`] = `
"<!-- wp:coblocks/gallery-collage {\\"filter\\":\\"saturation\\"} -->
<div class=\\"wp-block-coblocks-gallery-collage has-small-gutter has-filter-saturation\\"><ul><li class=\\"wp-block-coblocks-gallery-collage__item item-1\\"><figure class=\\"wp-block-coblocks-gallery-collage__figure\\"><img src=\\"https://wordpress.com/wp-content/uploads/1234/56/image-1.jpg\\" data-id=\\"1\\" class=\\"wp-image-1\\"/></figure></li><li class=\\"wp-block-coblocks-gallery-collage__item item-2\\"><figure class=\\"wp-block-coblocks-gallery-collage__figure\\"><img src=\\"https://wordpress.com/wp-content/uploads/1234/56/image-2.jpg\\" data-id=\\"2\\" class=\\"wp-image-2\\"/></figure></li></ul></div>
<!-- /wp:coblocks/gallery-collage -->"
`;

exports[`coblocks/gallery-collage should have className 'has-filter-sepia' with filter set to 'sepia'. 1`] = `
"<!-- wp:coblocks/gallery-collage {\\"filter\\":\\"sepia\\"} -->
<div class=\\"wp-block-coblocks-gallery-collage has-small-gutter has-filter-sepia\\"><ul><li class=\\"wp-block-coblocks-gallery-collage__item item-1\\"><figure class=\\"wp-block-coblocks-gallery-collage__figure\\"><img src=\\"https://wordpress.com/wp-content/uploads/1234/56/image-1.jpg\\" data-id=\\"1\\" class=\\"wp-image-1\\"/></figure></li><li class=\\"wp-block-coblocks-gallery-collage__item item-2\\"><figure class=\\"wp-block-coblocks-gallery-collage__figure\\"><img src=\\"https://wordpress.com/wp-content/uploads/1234/56/image-2.jpg\\" data-id=\\"2\\" class=\\"wp-image-2\\"/></figure></li></ul></div>
<!-- /wp:coblocks/gallery-collage -->"
`;

exports[`coblocks/gallery-collage should have className 'has-filter-vintage' with filter set to 'vintage'. 1`] = `
"<!-- wp:coblocks/gallery-collage {\\"filter\\":\\"vintage\\"} -->
<div class=\\"wp-block-coblocks-gallery-collage has-small-gutter has-filter-vintage\\"><ul><li class=\\"wp-block-coblocks-gallery-collage__item item-1\\"><figure class=\\"wp-block-coblocks-gallery-collage__figure\\"><img src=\\"https://wordpress.com/wp-content/uploads/1234/56/image-1.jpg\\" data-id=\\"1\\" class=\\"wp-image-1\\"/></figure></li><li class=\\"wp-block-coblocks-gallery-collage__item item-2\\"><figure class=\\"wp-block-coblocks-gallery-collage__figure\\"><img src=\\"https://wordpress.com/wp-content/uploads/1234/56/image-2.jpg\\" data-id=\\"2\\" class=\\"wp-image-2\\"/></figure></li></ul></div>
<!-- /wp:coblocks/gallery-collage -->"
`;

exports[`coblocks/gallery-collage should have className 'has-large-gutter' with gutter set to 'large'. 1`] = `
"<!-- wp:coblocks/gallery-collage {\\"gutter\\":\\"large\\"} -->
<div class=\\"wp-block-coblocks-gallery-collage has-large-gutter\\"><ul><li class=\\"wp-block-coblocks-gallery-collage__item item-1\\"><figure class=\\"wp-block-coblocks-gallery-collage__figure\\"><img src=\\"https://wordpress.com/wp-content/uploads/1234/56/image-1.jpg\\" data-id=\\"1\\" class=\\"wp-image-1\\"/></figure></li><li class=\\"wp-block-coblocks-gallery-collage__item item-2\\"><figure class=\\"wp-block-coblocks-gallery-collage__figure\\"><img src=\\"https://wordpress.com/wp-content/uploads/1234/56/image-2.jpg\\" data-id=\\"2\\" class=\\"wp-image-2\\"/></figure></li></ul></div>
<!-- /wp:coblocks/gallery-collage -->"
`;

exports[`coblocks/gallery-collage should have className 'has-lightbox' with lightbox enabled. 1`] = `
"<!-- wp:coblocks/gallery-collage {\\"lightbox\\":true} -->
<div class=\\"wp-block-coblocks-gallery-collage has-small-gutter has-lightbox\\"><ul><li class=\\"wp-block-coblocks-gallery-collage__item item-1\\"><figure class=\\"wp-block-coblocks-gallery-collage__figure\\"><img src=\\"https://wordpress.com/wp-content/uploads/1234/56/image-1.jpg\\" data-id=\\"1\\" class=\\"wp-image-1\\"/></figure></li><li class=\\"wp-block-coblocks-gallery-collage__item item-2\\"><figure class=\\"wp-block-coblocks-gallery-collage__figure\\"><img src=\\"https://wordpress.com/wp-content/uploads/1234/56/image-2.jpg\\" data-id=\\"2\\" class=\\"wp-image-2\\"/></figure></li></ul></div>
<!-- /wp:coblocks/gallery-collage -->"
`;

exports[`coblocks/gallery-collage should have className 'has-medium-gutter' with gutter set to 'medium'. 1`] = `
"<!-- wp:coblocks/gallery-collage {\\"gutter\\":\\"medium\\"} -->
<div class=\\"wp-block-coblocks-gallery-collage has-medium-gutter\\"><ul><li class=\\"wp-block-coblocks-gallery-collage__item item-1\\"><figure class=\\"wp-block-coblocks-gallery-collage__figure\\"><img src=\\"https://wordpress.com/wp-content/uploads/1234/56/image-1.jpg\\" data-id=\\"1\\" class=\\"wp-image-1\\"/></figure></li><li class=\\"wp-block-coblocks-gallery-collage__item item-2\\"><figure class=\\"wp-block-coblocks-gallery-collage__figure\\"><img src=\\"https://wordpress.com/wp-content/uploads/1234/56/image-2.jpg\\" data-id=\\"2\\" class=\\"wp-image-2\\"/></figure></li></ul></div>
<!-- /wp:coblocks/gallery-collage -->"
`;

exports[`coblocks/gallery-collage should have className 'has-small-gutter' with gutter set to 'small'. 1`] = `
"<!-- wp:coblocks/gallery-collage -->
<div class=\\"wp-block-coblocks-gallery-collage has-small-gutter\\"><ul><li class=\\"wp-block-coblocks-gallery-collage__item item-1\\"><figure class=\\"wp-block-coblocks-gallery-collage__figure\\"><img src=\\"https://wordpress.com/wp-content/uploads/1234/56/image-1.jpg\\" data-id=\\"1\\" class=\\"wp-image-1\\"/></figure></li><li class=\\"wp-block-coblocks-gallery-collage__item item-2\\"><figure class=\\"wp-block-coblocks-gallery-collage__figure\\"><img src=\\"https://wordpress.com/wp-content/uploads/1234/56/image-2.jpg\\" data-id=\\"2\\" class=\\"wp-image-2\\"/></figure></li></ul></div>
<!-- /wp:coblocks/gallery-collage -->"
`;

exports[`coblocks/gallery-collage should have className 'has-xlarge-gutter' with gutter set to 'xlarge'. 1`] = `
"<!-- wp:coblocks/gallery-collage {\\"gutter\\":\\"xlarge\\"} -->
<div class=\\"wp-block-coblocks-gallery-collage has-xlarge-gutter\\"><ul><li class=\\"wp-block-coblocks-gallery-collage__item item-1\\"><figure class=\\"wp-block-coblocks-gallery-collage__figure\\"><img src=\\"https://wordpress.com/wp-content/uploads/1234/56/image-1.jpg\\" data-id=\\"1\\" class=\\"wp-image-1\\"/></figure></li><li class=\\"wp-block-coblocks-gallery-collage__item item-2\\"><figure class=\\"wp-block-coblocks-gallery-collage__figure\\"><img src=\\"https://wordpress.com/wp-content/uploads/1234/56/image-2.jpg\\" data-id=\\"2\\" class=\\"wp-image-2\\"/></figure></li></ul></div>
<!-- /wp:coblocks/gallery-collage -->"
`;

exports[`coblocks/gallery-collage should have custom link when linkTo is set to "custom" 1`] = `
"<!-- wp:coblocks/gallery-collage {\\"linkTo\\":\\"custom\\"} -->
<div class=\\"wp-block-coblocks-gallery-collage has-small-gutter\\"><ul><li class=\\"wp-block-coblocks-gallery-collage__item item-1\\"><figure class=\\"wp-block-coblocks-gallery-collage__figure\\"><img src=\\"https://wordpress.com/wp-content/uploads/1234/56/image-1.jpg\\" data-id=\\"1\\" class=\\"wp-image-1\\"/></figure></li><li class=\\"wp-block-coblocks-gallery-collage__item item-2\\"><figure class=\\"wp-block-coblocks-gallery-collage__figure\\"><img src=\\"https://wordpress.com/wp-content/uploads/1234/56/image-2.jpg\\" data-id=\\"2\\" class=\\"wp-image-2\\"/></figure></li><li class=\\"wp-block-coblocks-gallery-collage__item item-3\\"><figure class=\\"wp-block-coblocks-gallery-collage__figure\\"><a href=\\"http://google.com\\" rel=\\"\\"><img src=\\"https://wordpress.com/wp-content/uploads/1234/56/image-3.jpg\\" data-id=\\"3\\" data-imglink=\\"http://google.com\\" class=\\"wp-image-3\\"/></a></figure></li></ul></div>
<!-- /wp:coblocks/gallery-collage -->"
`;

exports[`coblocks/gallery-collage should have figcaption element with captions enabled and caption text. 1`] = `
"<!-- wp:coblocks/gallery-collage {\\"captions\\":true} -->
<div class=\\"wp-block-coblocks-gallery-collage has-small-gutter has-caption-style-dark\\"><ul><li class=\\"wp-block-coblocks-gallery-collage__item item-1\\"><figure class=\\"wp-block-coblocks-gallery-collage__figure\\"><img src=\\"https://wordpress.com/wp-content/uploads/1234/56/image-1.jpg\\" data-id=\\"1\\" class=\\"wp-image-1\\"/></figure></li><li class=\\"wp-block-coblocks-gallery-collage__item item-2\\"><figure class=\\"wp-block-coblocks-gallery-collage__figure\\"><img src=\\"https://wordpress.com/wp-content/uploads/1234/56/image-2.jpg\\" data-id=\\"2\\" class=\\"wp-image-2\\"/></figure></li><li class=\\"wp-block-coblocks-gallery-collage__item item-3\\"><figure class=\\"wp-block-coblocks-gallery-collage__figure\\"><img src=\\"https://wordpress.com/wp-content/uploads/1234/56/image-3.jpg\\" data-id=\\"3\\" class=\\"wp-image-3\\"/><figcaption class=\\"wp-block-coblocks-gallery-collage__caption\\">test caption</figcaption></figure></li></ul></div>
<!-- /wp:coblocks/gallery-collage -->"
`;

exports[`coblocks/gallery-collage should have media link when linkTo is set to "media" 1`] = `
"<!-- wp:coblocks/gallery-collage {\\"linkTo\\":\\"media\\"} -->
<div class=\\"wp-block-coblocks-gallery-collage has-small-gutter\\"><ul><li class=\\"wp-block-coblocks-gallery-collage__item item-1\\"><figure class=\\"wp-block-coblocks-gallery-collage__figure\\"><a href=\\"https://wordpress.com/wp-content/uploads/1234/56/image-1.jpg\\" rel=\\"\\"><img src=\\"https://wordpress.com/wp-content/uploads/1234/56/image-1.jpg\\" data-id=\\"1\\" class=\\"wp-image-1\\"/></a></figure></li><li class=\\"wp-block-coblocks-gallery-collage__item item-2\\"><figure class=\\"wp-block-coblocks-gallery-collage__figure\\"><a href=\\"https://wordpress.com/wp-content/uploads/1234/56/image-2.jpg\\" rel=\\"\\"><img src=\\"https://wordpress.com/wp-content/uploads/1234/56/image-2.jpg\\" data-id=\\"2\\" class=\\"wp-image-2\\"/></a></figure></li><li class=\\"wp-block-coblocks-gallery-collage__item item-3\\"><figure class=\\"wp-block-coblocks-gallery-collage__figure\\"><a href=\\"https://wordpress.com/wp-content/uploads/1234/56/image-3.jpg\\" rel=\\"\\"><img src=\\"https://wordpress.com/wp-content/uploads/1234/56/image-3.jpg\\" data-id=\\"3\\" class=\\"wp-image-3\\"/></a></figure></li></ul></div>
<!-- /wp:coblocks/gallery-collage -->"
`;

exports[`coblocks/gallery-collage should render with images 1`] = `
"<!-- wp:coblocks/gallery-collage -->
<div class=\\"wp-block-coblocks-gallery-collage has-small-gutter\\"><ul><li class=\\"wp-block-coblocks-gallery-collage__item item-1\\"><figure class=\\"wp-block-coblocks-gallery-collage__figure\\"><img src=\\"https://wordpress.com/wp-content/uploads/1234/56/image-1.jpg\\" data-id=\\"1\\" class=\\"wp-image-1\\"/></figure></li><li class=\\"wp-block-coblocks-gallery-collage__item item-2\\"><figure class=\\"wp-block-coblocks-gallery-collage__figure\\"><img src=\\"https://wordpress.com/wp-content/uploads/1234/56/image-2.jpg\\" data-id=\\"2\\" class=\\"wp-image-2\\"/></figure></li></ul></div>
<!-- /wp:coblocks/gallery-collage -->"
`;
